// Jest Snapshot v1, https://goo.gl/fbAQLP

exports[`App should render the component with a redux store 1`] = `
<div
  className="App"
>
  <div>
    loading...
  </div>
</div>
`;
